0000000000000000 D __per_cpu_end
0000000000000000 D __per_cpu_start
0000000000000000 D __per_cpu_user_mapped_end
0000000000000000 D __per_cpu_user_mapped_start
0000000001000000 A phys_startup_64
ffffffff81000000 T _text
ffffffff81000000 T startup_64
ffffffff81000110 T secondary_startup_64
ffffffff810001a0 t verify_cpu
ffffffff810001d5 t verify_cpu_noamd
ffffffff81000213 t verify_cpu_clear_xd
ffffffff81000222 t verify_cpu_check
ffffffff8100025a t verify_cpu_sse_test
ffffffff81000286 t verify_cpu_no_longmode
ffffffff8100028d t verify_cpu_sse_ok
ffffffff81000291 t bad_address
ffffffff81000298 T __entry_text_end
ffffffff81000298 T __entry_text_start
ffffffff81000298 T __indirect_thunk_end
ffffffff81000298 T __indirect_thunk_start
ffffffff81000298 T __kprobes_text_end
ffffffff81000298 T __kprobes_text_start
ffffffff81000298 T __lock_text_end
ffffffff81000298 T __lock_text_start
ffffffff81000298 T __sched_text_end
ffffffff81000298 T __sched_text_start
ffffffff81000298 R __start_notes
ffffffff81000298 T _etext
ffffffff81000298 T _stext
ffffffff810002bc R __stop_notes
ffffffff810002c0 R __start___ex_table
ffffffff810002c0 R __stop___ex_table
ffffffff81200000 ? __end_builtin_fw
ffffffff81200000 ? __end_pci_fixups_early
ffffffff81200000 ? __end_pci_fixups_enable
ffffffff81200000 ? __end_pci_fixups_final
ffffffff81200000 ? __end_pci_fixups_header
ffffffff81200000 ? __end_pci_fixups_resume
ffffffff81200000 ? __end_pci_fixups_resume_early
ffffffff81200000 ? __end_pci_fixups_suspend
ffffffff81200000 ? __end_pci_fixups_suspend_late
ffffffff81200000 ? __end_rodata
ffffffff81200000 D __end_rodata_hpage_align
ffffffff81200000 ? __start___bug_table
ffffffff81200000 ? __start___kcrctab
ffffffff81200000 ? __start___kcrctab_gpl
ffffffff81200000 ? __start___kcrctab_gpl_future
ffffffff81200000 ? __start___kcrctab_unused
ffffffff81200000 ? __start___kcrctab_unused_gpl
ffffffff81200000 ? __start___ksymtab
ffffffff81200000 ? __start___ksymtab_gpl
ffffffff81200000 ? __start___ksymtab_gpl_future
ffffffff81200000 ? __start___ksymtab_unused
ffffffff81200000 ? __start___ksymtab_unused_gpl
ffffffff81200000 ? __start___modver
ffffffff81200000 ? __start___param
ffffffff81200000 R __start___tracepoints_ptrs
ffffffff81200000 ? __start_builtin_fw
ffffffff81200000 ? __start_pci_fixups_early
ffffffff81200000 ? __start_pci_fixups_enable
ffffffff81200000 ? __start_pci_fixups_final
ffffffff81200000 ? __start_pci_fixups_header
ffffffff81200000 ? __start_pci_fixups_resume
ffffffff81200000 ? __start_pci_fixups_resume_early
ffffffff81200000 ? __start_pci_fixups_suspend
ffffffff81200000 ? __start_pci_fixups_suspend_late
ffffffff81200000 R __start_rodata
ffffffff81200000 ? __stop___bug_table
ffffffff81200000 ? __stop___kcrctab
ffffffff81200000 ? __stop___kcrctab_gpl
ffffffff81200000 ? __stop___kcrctab_gpl_future
ffffffff81200000 ? __stop___kcrctab_unused
ffffffff81200000 ? __stop___kcrctab_unused_gpl
ffffffff81200000 ? __stop___ksymtab
ffffffff81200000 ? __stop___ksymtab_gpl
ffffffff81200000 ? __stop___ksymtab_gpl_future
ffffffff81200000 ? __stop___ksymtab_unused
ffffffff81200000 ? __stop___ksymtab_unused_gpl
ffffffff81200000 ? __stop___modver
ffffffff81200000 ? __stop___param
ffffffff81200000 R __stop___tracepoints_ptrs
ffffffff81200000 ? __tracedata_end
ffffffff81200000 ? __tracedata_start
ffffffff81200000 D _sdata
ffffffff81200000 D init_level4_pgt
ffffffff81201000 D level3_kernel_pgt
ffffffff81202000 D level2_kernel_pgt
ffffffff81203000 D level2_fixmap_pgt
ffffffff81204000 D level1_fixmap_pgt
ffffffff81205000 D early_gdt_descr
ffffffff81205010 D phys_base
ffffffff81205018 D initial_code
ffffffff81205018 D initial_gs
ffffffff81205018 D stack_start
ffffffff81205020 D __start___jump_table
ffffffff81205020 D __start___trace_bprintk_fmt
ffffffff81205020 D __start___tracepoint_str
ffffffff81205020 D __start___verbose
ffffffff81205020 D __stop___jump_table
ffffffff81205020 D __stop___trace_bprintk_fmt
ffffffff81205020 D __stop___tracepoint_str
ffffffff81205020 D __stop___verbose
ffffffff81205040 D _edata
ffffffff81206000 B __vvar_beginning_hack
ffffffff81206000 B __vvar_page
ffffffff81207000 D __init_begin
ffffffff81207000 B __per_cpu_load
ffffffff81207000 T _sinittext
ffffffff81207000 T early_idt_handler_array
ffffffff81207120 t early_idt_handler_common
ffffffff8120717d T _einittext
ffffffff81208000 t early_recursion_flag
ffffffff81209000 T early_level4_pgt
ffffffff8120a000 T early_dynamic_pgts
ffffffff8124a000 T __alt_instructions
ffffffff8124a000 T __alt_instructions_end
ffffffff8124a000 T __apicdrivers
ffffffff8124a000 T __apicdrivers_end
ffffffff8124a000 B __bss_start
ffffffff8124a000 T __clksrc_acpi_probe_table
ffffffff8124a000 T __clksrc_acpi_probe_table_end
ffffffff8124a000 T __con_initcall_end
ffffffff8124a000 T __con_initcall_start
ffffffff8124a000 T __cpu_method_of_table
ffffffff8124a000 T __cpuidle_method_of_table
ffffffff8124a000 T __dtb_end
ffffffff8124a000 T __dtb_start
ffffffff8124a000 T __earlycon_of_table
ffffffff8124a000 T __earlycon_table
ffffffff8124a000 T __init_end
ffffffff8124a000 T __initcall0_start
ffffffff8124a000 T __initcall1_start
ffffffff8124a000 T __initcall2_start
ffffffff8124a000 T __initcall3_start
ffffffff8124a000 T __initcall4_start
ffffffff8124a000 T __initcall5_start
ffffffff8124a000 T __initcall6_start
ffffffff8124a000 T __initcall7_start
ffffffff8124a000 T __initcall_end
ffffffff8124a000 T __initcall_start
ffffffff8124a000 T __initcallrootfs_start
ffffffff8124a000 T __initramfs_start
ffffffff8124a000 T __iommu_table
ffffffff8124a000 T __iommu_table_end
ffffffff8124a000 T __irqchip_acpi_probe_table
ffffffff8124a000 T __irqchip_acpi_probe_table_end
ffffffff8124a000 D __nosave_begin
ffffffff8124a000 D __nosave_end
ffffffff8124a000 T __parainstructions
ffffffff8124a000 T __parainstructions_end
ffffffff8124a000 T __security_initcall_end
ffffffff8124a000 T __security_initcall_start
ffffffff8124a000 T __setup_end
ffffffff8124a000 T __setup_start
ffffffff8124a000 ? __smp_locks
ffffffff8124a000 ? __smp_locks_end
ffffffff8124a000 T __start_ftrace_enum_maps
ffffffff8124a000 T __start_ftrace_events
ffffffff8124a000 T __start_kprobe_blacklist
ffffffff8124a000 T __stop_ftrace_enum_maps
ffffffff8124a000 T __stop_ftrace_events
ffffffff8124a000 T __stop_kprobe_blacklist
ffffffff8124a000 T __x86_cpu_dev_end
ffffffff8124a000 T __x86_cpu_dev_start
ffffffff8124a000 B empty_zero_page
ffffffff8124b000 B __brk_base
ffffffff8124b000 B __bss_stop
ffffffff8125b000 B __brk_limit
ffffffff8125b000 B _end
