0000000001000000 A phys_startup_64
ffffffff0209d020 A init_per_cpu__irq_stack_union
ffffffff020a1020 A init_per_cpu__gdt_page
ffffffff81000000 T _text
ffffffff81000000 T startup_64
ffffffff81000110 T secondary_startup_64
ffffffff810001ac t bad_address
ffffffff810001ae T __startup_64
ffffffff810001b8 T _stext
ffffffff810001b8 t verify_cpu
ffffffff810001ed t verify_cpu_noamd
ffffffff8100022b t verify_cpu_clear_xd
ffffffff8100023a t verify_cpu_check
ffffffff81000272 t verify_cpu_sse_test
ffffffff8100029e t verify_cpu_no_longmode
ffffffff810002a5 t verify_cpu_sse_ok
ffffffff810002a9 t sanitize_boot_params
ffffffff8100032d T __startup_secondary_64
ffffffff81000340 T __memcpy
ffffffff81000340 W memcpy
ffffffff81000360 T memcpy_erms
ffffffff81000370 T memcpy_orig
ffffffff8100047f T strcpy
ffffffff8100049a T strncpy
ffffffff810004c2 T memcmp
ffffffff810004f9 T strnlen
ffffffff81000525 T strstr
ffffffff810005b0 T __entry_text_end
ffffffff810005b0 T __entry_text_start
ffffffff810005b0 T __kprobes_text_end
ffffffff810005b0 T __kprobes_text_start
ffffffff810005b0 T __lock_text_end
ffffffff810005b0 T __lock_text_start
ffffffff810005b0 T __sched_text_end
ffffffff810005b0 T __sched_text_start
ffffffff810005b0 R __start_notes
ffffffff810005b0 T _etext
ffffffff810005d4 R __stop_notes
ffffffff810005e0 R __start___ex_table
ffffffff810005e0 R __stop___ex_table
ffffffff81001000 R __start_rodata
ffffffff81001090 r null_idt.4218
ffffffff810010a0 R __end_builtin_fw
ffffffff810010a0 R __end_pci_fixups_early
ffffffff810010a0 R __end_pci_fixups_enable
ffffffff810010a0 R __end_pci_fixups_final
ffffffff810010a0 R __end_pci_fixups_header
ffffffff810010a0 R __end_pci_fixups_resume
ffffffff810010a0 R __end_pci_fixups_resume_early
ffffffff810010a0 R __end_pci_fixups_suspend
ffffffff810010a0 R __end_pci_fixups_suspend_late
ffffffff810010a0 R __start___kcrctab
ffffffff810010a0 R __start___kcrctab_gpl
ffffffff810010a0 R __start___kcrctab_gpl_future
ffffffff810010a0 R __start___kcrctab_unused
ffffffff810010a0 R __start___kcrctab_unused_gpl
ffffffff810010a0 R __start___ksymtab
ffffffff810010a0 R __start___ksymtab_gpl
ffffffff810010a0 R __start___ksymtab_gpl_future
ffffffff810010a0 R __start___ksymtab_unused
ffffffff810010a0 R __start___ksymtab_unused_gpl
ffffffff810010a0 B __start___modver
ffffffff810010a0 R __start___param
ffffffff810010a0 R __start___tracepoints_ptrs
ffffffff810010a0 R __start_builtin_fw
ffffffff810010a0 R __start_pci_fixups_early
ffffffff810010a0 R __start_pci_fixups_enable
ffffffff810010a0 R __start_pci_fixups_final
ffffffff810010a0 R __start_pci_fixups_header
ffffffff810010a0 R __start_pci_fixups_resume
ffffffff810010a0 R __start_pci_fixups_resume_early
ffffffff810010a0 R __start_pci_fixups_suspend
ffffffff810010a0 R __start_pci_fixups_suspend_late
ffffffff810010a0 R __stop___kcrctab
ffffffff810010a0 R __stop___kcrctab_gpl
ffffffff810010a0 R __stop___kcrctab_gpl_future
ffffffff810010a0 R __stop___kcrctab_unused
ffffffff810010a0 R __stop___kcrctab_unused_gpl
ffffffff810010a0 R __stop___ksymtab
ffffffff810010a0 R __stop___ksymtab_gpl
ffffffff810010a0 R __stop___ksymtab_gpl_future
ffffffff810010a0 R __stop___ksymtab_unused
ffffffff810010a0 R __stop___ksymtab_unused_gpl
ffffffff810010a0 B __stop___modver
ffffffff810010a0 R __stop___param
ffffffff810010a0 R __stop___tracepoints_ptrs
ffffffff81002000 B __end_rodata
ffffffff81002000 D _sdata
ffffffff81004000 D init_level4_pgt
ffffffff81005000 D level3_kernel_pgt
ffffffff81006000 D level2_kernel_pgt
ffffffff81007000 D level2_fixmap_pgt
ffffffff81008000 D level1_fixmap_pgt
ffffffff81009000 D early_gdt_descr
ffffffff81009002 d early_gdt_descr_base
ffffffff81009010 D phys_base
ffffffff81009018 d current_ypos
ffffffff81009020 D early_pmd_flags
ffffffff81009028 D initial_code
ffffffff81009030 D initial_gs
ffffffff81009038 D stack_start
ffffffff81009060 D __start___jump_table
ffffffff81009060 D __start___verbose
ffffffff81009060 D __stop___jump_table
ffffffff81009060 D __stop___verbose
ffffffff81009080 D _edata
ffffffff8100a000 B __vvar_beginning_hack
ffffffff8100a000 B __vvar_page
ffffffff8100b000 B __init_begin
ffffffff8100b000 T _sinittext
ffffffff8100b000 T x86_64_start_kernel
ffffffff8100b16f T x86_64_start_reservations
ffffffff8100b170 T _einittext
ffffffff8100c000 T early_level4_pgt
ffffffff8100d000 T early_dynamic_pgts
ffffffff8104d000 T boot_command_line
ffffffff8104d800 R __alt_instructions
ffffffff8104d800 T __con_initcall_end
ffffffff8104d800 T __con_initcall_start
ffffffff8104d800 T __dtb_end
ffffffff8104d800 T __dtb_start
ffffffff8104d800 T __initcall0_start
ffffffff8104d800 T __initcall1_start
ffffffff8104d800 T __initcall2_start
ffffffff8104d800 T __initcall3_start
ffffffff8104d800 T __initcall4_start
ffffffff8104d800 T __initcall5_start
ffffffff8104d800 T __initcall6_start
ffffffff8104d800 T __initcall7_start
ffffffff8104d800 T __initcall_end
ffffffff8104d800 T __initcall_start
ffffffff8104d800 T __initcallrootfs_start
ffffffff8104d800 T __parainstructions
ffffffff8104d800 T __parainstructions_end
ffffffff8104d800 T __security_initcall_end
ffffffff8104d800 T __security_initcall_start
ffffffff8104d800 T __setup_end
ffffffff8104d800 T __setup_start
ffffffff8104d800 T __x86_cpu_dev_end
ffffffff8104d800 T __x86_cpu_dev_start
ffffffff8104d81a R __alt_instructions_end
ffffffff8104d81f T __iommu_table
ffffffff8104d81f T __iommu_table_end
ffffffff8104d820 T __apicdrivers
ffffffff8104d820 T __apicdrivers_end
ffffffff8104e000 B __bss_start
ffffffff8104e000 ? __init_end
ffffffff8104e000 D __nosave_begin
ffffffff8104e000 D __nosave_end
ffffffff8104e000 D __per_cpu_end
ffffffff8104e000 D __per_cpu_load
ffffffff8104e000 D __per_cpu_start
ffffffff8104e000 D __per_cpu_user_mapped_end
ffffffff8104e000 D __per_cpu_user_mapped_start
ffffffff8104e000 ? __smp_locks
ffffffff8104e000 ? __smp_locks_end
ffffffff8104e000 B empty_zero_page
ffffffff8104f000 B init_thread_union
ffffffff8104f020 B irq_stack_union
ffffffff81053020 B gdt_page
ffffffff81053034 B jiffies
ffffffff81053034 B jiffies_64
ffffffff81053040 b scratch.4185
ffffffff81054040 b current_xpos
ffffffff81054060 B boot_params
ffffffff81056000 B __brk_base
ffffffff81056000 B __bss_stop
ffffffff81066000 B __brk_limit
ffffffff81066000 B _end
